
> product-mall-miniprogram@0.1.0 test:coverage
> node --test --experimental-test-coverage --test-coverage-exclude='tests/**' --test-coverage-lines=80 --test-coverage-branches=80 --test-coverage-functions=80 tests/*.test.js

✔ case presentation distinguishes waiting confirmation from a completed refund (6.914042ms)
✔ draft key persists only same account and same order and retry retains immutable body (1.296833ms)
✔ application retries unknown result with same key and body even after reopening (7.247584ms)
✔ server preview controls displayed amount and delayed previous selection cannot win (1.287375ms)
✔ definitive stale rejection clears retry then refreshes server eligibility (0.406417ms)
✔ member switch discards private async detail result and an old 401 does not log out new member (0.731917ms)
✔ withdraw requires confirmation and sends current revision, review conflict refreshes (0.369792ms)
✔ changing line invalidates previous preview; unloading prevents private write responses (0.241125ms)
✔ scope labels distinguish shipment and safe unknown refund progress (0.081167ms)
✔ pagination retains records on retry error and login states clear private forms (0.269542ms)
✔ order redemption display shows available capacity after active after-sale holds (0.949334ms)
✔ idle retained page member switch clears old draft and retry before rebinding session (0.694125ms)
✔ zero cash aftersale preview permits quantity-based application without claiming funds (0.494333ms)
✔ member separates goods and shipping and zero completed copy from cash completion (0.257167ms)
✔ description images use the configured API origin and fit the detail width (2.062125ms)
✔ description URL adaptation only rewrites canonical public asset paths on image nodes (0.136208ms)
✔ category tree excludes inactive items and keeps the two levels (1.141083ms)
✔ product presentation uses actual media and on-sale SKU data (0.208958ms)
✔ API client sends encoded filters and reports delisted items (0.459834ms)
✔ category page loads real filters, list, search and detail navigation (5.482417ms)
✔ home links open a selected category or prefilled cross-category search (0.948542ms)
✔ detail page shows only received SKU choices and handles delisting (2.911625ms)
✔ newer delisting response wins over a stale detail response (3.043375ms)
✔ unavailable direct product link returns to catalog without a page to pop (0.285ms)
✔ cart merges SKU, updates quantity and quote keeps only price hint (4.227542ms)
✔ login recovery stores only SKU, quantity and non-personal price hint, once (0.133833ms)
✔ API sends bearer token and clears it after 401 (0.416584ms)
✔ WeChat login exchanges code and stores only app token (0.152417ms)
✔ checkout quotes once on first show and restores selection after login (4.557791ms)
✔ checkout shows each server settlement amount and keeps public submit closed (3.923625ms)
✔ checkout never presents stale goods total as final payable when settlement is absent (0.313458ms)
✔ coupon and points selection request a fresh server quote without calculating locally (1.3615ms)
✔ coupon presentation validates money dates states and safe scope (10.540791ms)
✔ login and hide guards discard private data (1.211167ms)
✔ claim persists UUID owner before POST and blocks duplicate taps (2.034125ms)
✔ UNKNOWN checks exact本人 operation then retries same key (7.135958ms)
✔ COMPLETED recovery avoids POST, mismatched result stays unknown (0.457667ms)
✔ storage failure prevents POST (0.15225ms)
✔ account switching never shows or replays old claim (0.191709ms)
✔ hidden claim keeps durable key for next show and unload rejects late response (0.180917ms)
✔ filters clear old rows and invalidate old pagination (0.295583ms)
✔ empty error auth and loadmore failure distinct (0.201834ms)
✔ only returned scoped products and implemented routes can open (0.206916ms)
✔ changed identity before tap prevents issuing to a new account (0.100083ms)
✔ definite refusal clears attempt, malformed success preserves recovery (0.190833ms)
✔ pull refresh pagination route guards and member coupon entry remain usable (0.557875ms)
✔ order cumulative benefits are clearly separate from a single refund (3.095584ms)
✔ paid zero order uses settlement wording without claiming actual receipt (1.425833ms)
✔ pure points helpers never convert by cash ratio and reject unsafe prices snapshots (7.542375ms)
✔ public exchange list paginates retries empty and hides stale responses (3.428875ms)
✔ quote requires本人 and revalidates quantity address and expiry before submission (1.164ms)
✔ submission stores owner body UUID before POST and blocks duplicate click (1.710042ms)
✔ UNKNOWN checks exact本人 receipt NOT_FOUND retries original body key, even expired quote (7.622125ms)
✔ COMPLETED recovery skips POST and rejects mismatched points result (0.502ms)
✔ persist failure prevents network; 403 is definite but 408 429 remain recoverable (0.408042ms)
✔ hidden submission owner durable intent survives but never restores old account (0.244459ms)
✔ changed account during quote and before submit never sends new account old request (0.775208ms)
✔ POINTS order presentation shows integer integral values without payment controls (0.898583ms)
✔ SHIP quote includes selected address and rejects a mismatched address snapshot (1.0195ms)
✔ public detail login and unavailable malformed auth network states are recoverable (1.663667ms)
✔ quantity validation stale requotes and submit expiry are guarded (0.967541ms)
✔ load refresh generations unload and own pending on show preserve identity (7.707541ms)
✔ implemented entry routes and image fallback do not depend on cart or money (0.5885ms)
✔ malformed recovery and storage clear errors keep original key available (0.2965ms)
✔ POINTS aftersale uses exact refund integral fields and separates proposal from completion (0.439833ms)
✔ pending exact owner recovery remains available when public offer disappears (0.278667ms)
✔ pending owner recovery ignores address service failure and never needs a new quote (0.218208ms)
✔ POINTS proposals do not claim approval before review and never use cash refund labels (0.083334ms)
✔ POINTS waiting and event labels identify points return rather than cash (0.065958ms)
✔ mixed order shows independent authoritative fulfillment statuses and quantities (6.010875ms)
✔ tracking query shows events, empty result, retry and rejects an old member response (5.884542ms)
✔ voucher QR is paid-member data only; failed image keeps selectable code available (1.146125ms)
✔ QR written after member switch is deleted without displaying the old voucher (1.626583ms)
✔ private voucher is only shown for a paid order and closed order does not offer receipt confirmation (0.204875ms)
✔ receipt confirmation requires user confirmation, uses server order, and blocks duplicate taps (0.76325ms)
✔ receipt confirmation failure keeps shipped status and permits refresh (0.579375ms)
✔ logout while receipt response is in flight cannot restore a private order (1.572916ms)
✔ redeem validity date comes from product and quote service, without client calculation (2.851042ms)
✔ schema3 maps every fixed mosaic and design-unit spacers (1.14225ms)
✔ mosaic invalid shape is controlled and missing links/images never navigate externally (0.552458ms)
✔ published home sharing uses safe cover/title and suppresses drafts on failures (5.325084ms)
✔ micro sharing uses UUID path and safe timeline query with no private image URL (1.178167ms)
✔ share cover guard rejects private, external and malformed public URL forms (0.199625ms)
✔ home never enables share on a success envelope without a published version (0.231292ms)
✔ published home maps approved components and safe theme values (4.546375ms)
✔ home page reads published content and opens internal product/category/page/search targets (3.902167ms)
✔ unpublished home keeps catalog available and never renders draft content (0.229875ms)
✔ schema 2 maps all new components with server-owned product prices (0.252834ms)
✔ unknown components and unsupported schema return controlled fallbacks (0.223333ms)
✔ home sends supported schema and maps compatibility failures to actionable Chinese (0.16825ms)
✔ new component defaults ignore malformed appearance, links and product values (0.154167ms)
✔ product card resolves controlled relative app asset URL against API base (0.098209ms)
✔ member presentation preserves debt and explains historical snapshots (3.406833ms)
✔ freeze and release never pretend to be balance awards (1.855167ms)
✔ unauthenticated member page clears details (1.694958ms)
✔ late profile response cannot restore after logout or unload (1.02425ms)
✔ older response cannot replace latest refresh (0.384584ms)
✔ old session response cannot erase new member account (0.332ms)
✔ pagination blocks duplicate requests and retries failed next page (0.720708ms)
✔ empty malformed and service failure are distinct states (1.313583ms)
✔ refresh discards stale page and expired auth clears rows (0.252625ms)
✔ consumption retains signed adjustments and traces grade downgrade with order (0.108166ms)
✔ hidden list discards in-flight data and blocks late pagination from member switch (0.163916ms)
✔ member controls open implemented routes and login returns to the calling page (0.694ms)
✔ consumption page reads only本人 endpoint and renders non-reward adjustment (0.226ms)
✔ public consumption causes explain completion refunds and reversal without leaking internal source (0.111625ms)
✔ published micro page loads mapped components and allows another published page (5.157959ms)
✔ micro page blocks repeated page in stack and page-stack overflow (0.4075ms)
✔ catalog recovery replaces the page when navigation stack is full (0.652208ms)
✔ unpublished micro page hides content and provides retry and return (0.650375ms)
✔ published page with no visible components has an explicit empty state (0.422916ms)
✔ network failure is retryable and invalid page ID never reaches server (0.48525ms)
✔ API carries order idempotency header without dropping bearer (0.7225ms)
✔ offline gate needs server availability and instructions; WeChat requires server availability (2.436167ms)
✔ checkout blocks duplicate clicks and retries unknown result with same body and key (2.747333ms)
✔ closed checkout gate makes no order request (0.4875ms)
✔ reported payment stays pending; result reads server state (3.05325ms)
✔ report retries same key and cancel requires user confirmation (0.804209ms)
✔ detail 401 clears private data and asks login (0.358375ms)
✔ order pagination replaces refresh and appends next page (0.576542ms)
✔ successful user report refreshes pending status and definitive rejection permits correction (0.3575ms)
✔ cancel uses server result and cannot cancel an already paid refreshed order (0.751083ms)
✔ invalid detail does not call server, unavailable target and network errors can retry (0.624542ms)
✔ newer detail state wins over delayed old response (0.496833ms)
✔ list handles logout, filtering, network retry and failed pagination without losing rows (0.600375ms)
✔ definitive submission rejection clears pending key but authentication failure retains retry (0.977375ms)
✔ unknown report survives failed refresh and later retries same note and key (11.047375ms)
✔ logout invalidates in-flight order list response and never restores private rows (1.580542ms)
✔ payment report draft warns before leaving and clears after confirmed report (1.861917ms)
✔ elapsed pending order hides payment guidance and new report without changing server status (0.351208ms)
✔ timeout and customer close reasons have distinct accurate labels (0.251541ms)
✔ unknown prior report can replay same key after deadline while new reports stay disabled (0.85875ms)
✔ deadline reached while detail open blocks a newly clicked report and hides instructions (0.195541ms)
✔ after-sale and refunded orders present accurate states without payment or fulfillment actions (0.556833ms)
✔ both purchase entries open a drawer without writing a cart or checkout (6.69225ms)
✔ drawer rejects unavailable SKUs, caps stock and restores selection on cancel (0.766292ms)
✔ confirmed drawer action uses existing cart and keeps confirmed quantity and count (0.786709ms)
✔ direct purchase confirms only inside drawer and share contains the product route (0.777041ms)
✔ drawer failed persistence keeps recoverable selection and unavailable data closes drawer (1.237666ms)
✔ cart exposes old price, actual fulfillment and safe reselect route, keeps invalid row until explicit removal (0.812708ms)
✔ guest redeem checkout prompts login without address requirement, retains goods and requotes after login with gate closed (2.0865ms)
✔ reselect entry opens drawer after detail arrives and unload ignores late response (0.270625ms)
✔ stock rejection keeps order uncreated, requotes actual stock and adjusts only quantities after confirmation (1.278916ms)
✔ cart selection, cached prices, management and quantity controls preserve server checkout guard (0.9945ms)
✔ cart reselect cancels without change and confirms an atomic replacement, merging an existing target SKU (0.366125ms)
✔ cart reselect refuses changed source or merged quantity above stock, without removing any row (0.270458ms)
✔ reselect same SKU keeps other rows and selection state; missing or failed storage never deletes source (0.404792ms)
✔ drawer does not bypass unavailable selection or persist outside confirmation, and navigation failure can retry (0.40225ms)
✔ detail media fallbacks and page lifecycle refresh actual cart count and safely recover failed loads (9.066458ms)
✔ empty SKU response leaves a disabled recoverable drawer without inventing sellable stock (0.665916ms)
✔ stock recovery cannot adjust sold-out or malformed stock and failed requote remains recoverable (0.445667ms)
✔ checkout guest address login and form recovery use existing routes and invalid benefit input never requotes (0.617166ms)
✔ presentation retains original request while showing partial acceptance and waived-return reason (3.669625ms)
✔ server return permission is required and carrier/tracking validation rejects unsafe inputs (1.612833ms)
✔ unknown shipment outcome freezes body/key across reopen and refresh must precede retry (2.636041ms)
✔ unknown write resolved by authoritative read does not submit again (1.003125ms)
✔ definitive revision conflict refreshes and stops correction after acceptance (0.582125ms)
✔ member switching and unload prevent shipment responses from restoring private state (0.500541ms)
✔ idle member change drops retained form and pending key before reading new session (0.515709ms)
✔ malformed success preserves unknown request and a late old write cannot erase new member view (0.485791ms)
✔ known field error keeps editable form; refreshing same member preserves an unsaved correction (0.292541ms)
✔ zero-approved return acceptance reports no money refund rather than a pending refund (0.091208ms)
✔ member address shortcut reaches existing address management without creating a new flow (9.687333ms)
✔ catalog image failure identifies only the affected product and clears on full reload (1.552417ms)
✔ address selection presents stored choice and ignores forged IDs without changing selection (0.959417ms)
✔ address auth failure exposes a login return compatible with the existing login page (0.655042ms)
✔ native region picker updates three address fields immutably and missing fields stay actionable (0.416167ms)
✔ order shortcuts keep server fulfillment filters and points intersection without a client-side slice (2.012833ms)
✔ member count labels preserve real zero and show unknown for absent or malformed keys (0.267084ms)
✔ address edit loads current revision and preserves entered values after conflict, then creates a new address (0.409333ms)
✔ address delete requires confirmation and current revision, while refresh supports empty and auth states (3.455125ms)
✔ login keeps agreement gate, returns to address caller after success and reports failed authorization (0.422667ms)
✔ order progress uses server fulfillment states and hides misleading linear steps for refunds and aftersales (0.372958ms)
✔ launch target keeps a shared product or scan query and rejects external paths (17.628333ms)
✔ direct target redirects once on cold launch and not after completion or hot show (0.603792ms)
✔ startup page waits for first render, uses fallback on GIF error, and skips once (6.02475ms)
✔ unpublished startup still counts down with local brand fallback (0.509625ms)
✔ three-second countdown starts onReady and restores the scan target only once (0.410833ms)
✔ a shared target is intercepted before its product request (1.353458ms)
✔ failed startup redirect resumes the original target instead of leaving it blank (3.61175ms)
✔ backgrounding pauses visible countdown; returning resumes without a new launch (0.349625ms)
✔ storefront navigation keeps the four fixed routes and safe icon fallbacks (1.856375ms)
✔ malformed navigation falls back; service accepts only safe published phone or QR (0.166375ms)
✔ storefront shell navigates only fixed routes and phone/QR require user action (2.979208ms)
✔ QR entry opens only after tap and network failure hides contact without hiding navigation (0.29775ms)
✔ server PNG data URI is written as base64 user file and removed after use (1.062ms)
✔ startup cleanup only deletes voucher files under the private user directory (0.16275ms)
✔ missing filesystem or malformed PNG keeps text-code fallback without writing (0.193917ms)
✔ checkout WeChat selection requires available server quote and survives refresh (3.050375ms)
✔ WeChat submit uses selected method and restores unknown request same key (0.6385ms)
✔ native payment success queries server and never claims local PAID (2.103958ms)
✔ cancel queries before NOTPAY permits retry and reuses prepay UUID (0.344709ms)
✔ unknown prepay retries same UUID after reload without premature native invocation (0.398833ms)
✔ unknown native result survives reload and failed query never reprompts (0.442542ms)
✔ only authoritative order confirms paid even when native result failed (0.451666ms)
✔ expired unavailable offline zero and successful-funds orders cannot start pay (0.710875ms)
✔ duplicate pay clicks and cancel blocked during prepay (0.252291ms)
✔ invalid signed parameters never enter native pay (0.201792ms)
✔ payment 401 clears visible private order and persisted payment intent (0.214625ms)
✔ payment intents for two orders survive independently and omit signed private data (0.273292ms)
✔ new successful funds snapshot overrides older NOTPAY query without permitting repay (0.183709ms)
✔ query 401 clears intent and private data; expired order can query without native pay (0.1925ms)
✔ logout during prepay prevents native invocation and clears private view (0.166458ms)
✔ deadline reached while page open forbids prepay without locally closing order (0.397375ms)
✔ closed WeChat order can query late payment while remaining closed (0.265083ms)
✔ switching member while prepay in flight clears view and never opens former member payment (0.233708ms)
ℹ tests 206
ℹ suites 0
ℹ pass 206
ℹ fail 0
ℹ cancelled 0
ℹ skipped 0
ℹ todo 0
ℹ duration_ms 225.856625
ℹ start of coverage report
ℹ ---------------------------------------------------------------------------------------------------------------------------------------
ℹ file                   | line % | branch % | funcs % | uncovered lines
ℹ ---------------------------------------------------------------------------------------------------------------------------------------
ℹ components             |        |          |         |
ℹ  storefront-shell      |        |          |         |
ℹ   index.js             |  97.18 |    75.00 |   64.29 | 67-68
ℹ lib                    |        |          |         |
ℹ  aftersales.js         |  97.65 |    89.29 |  100.00 | 16-17
ℹ  api.js                |  95.92 |    97.22 |  100.00 | 4-5
ℹ  benefits.js           | 100.00 |    90.00 |  100.00 |
ℹ  cart.js               |  95.65 |    88.57 |  100.00 | 18-19
ℹ  catalog.js            | 100.00 |    88.14 |  100.00 |
ℹ  coupon-page.js        | 100.00 |    88.89 |  100.00 |
ℹ  coupons.js            | 100.00 |    86.44 |  100.00 |
ℹ  exchange.js           | 100.00 |    91.53 |   84.62 |
ℹ  home.js               |  94.57 |    97.54 |   95.24 | 29-35
ℹ  member-page.js        | 100.00 |    94.64 |  100.00 |
ℹ  member.js             | 100.00 |    88.89 |  100.00 |
ℹ  order-filters.js      | 100.00 |   100.00 |  100.00 |
ℹ  orders.js             |  99.24 |    93.65 |   94.74 | 24
ℹ  page-links.js         |  90.48 |    94.74 |  100.00 | 35-38
ℹ  published-sharing.js  | 100.00 |   100.00 |  100.00 |
ℹ  return-shipment.js    |  95.56 |    70.37 |  100.00 | 5-6
ℹ  session.js            | 100.00 |    89.47 |  100.00 |
ℹ  startup.js            |  96.30 |    76.92 |  100.00 | 40-41
ℹ  storefront.js         | 100.00 |   100.00 |  100.00 |
ℹ  voucher-image.js      | 100.00 |    75.86 |   84.62 |
ℹ  wechat-payment.js     | 100.00 |    94.59 |  100.00 |
ℹ pages                  |        |          |         |
ℹ  addresses             |        |          |         |
ℹ   addresses.js         | 100.00 |    91.67 |  100.00 |
ℹ   edit.js              | 100.00 |    96.15 |  100.00 |
ℹ  aftersales            |        |          |         |
ℹ   detail.js            |  96.79 |    84.76 |   71.43 | 69 139-140 149 152
ℹ   index.js             |  89.02 |    63.64 |   65.38 | 40-41 79-81 97-100 103-105 109 114-115 130-133
ℹ  cart                  |        |          |         |
ℹ   cart.js              | 100.00 |    82.14 |  100.00 |
ℹ  checkout              |        |          |         |
ℹ   checkout.js          |  98.43 |    87.50 |   88.10 | 73-74 156-157
ℹ  coupons               |        |          |         |
ℹ   campaigns.js         | 100.00 |   100.00 |  100.00 |
ℹ   index.js             | 100.00 |   100.00 |  100.00 |
ℹ  exchange              |        |          |         |
ℹ   detail.js            |  98.20 |    86.58 |  100.00 | 35-36
ℹ   index.js             | 100.00 |    88.57 |   93.33 |
ℹ  home                  |        |          |         |
ℹ   home.js              |  91.89 |    91.30 |   60.00 | 23-25 29 71-72
ℹ  index                 |        |          |         |
ℹ   index.js             |  81.30 |    57.45 |   65.22 | 33 37-39 58 60-62 82-84 88-93 97-100 110-111
ℹ  launch                |        |          |         |
ℹ   launch.js            |  95.10 |    75.00 |   87.50 | 63-64 72-74
ℹ  login                 |        |          |         |
ℹ   login.js             | 100.00 |   100.00 |  100.00 |
ℹ  member                |        |          |         |
ℹ   consumption.js       | 100.00 |   100.00 |  100.00 |
ℹ   index.js             | 100.00 |   100.00 |   88.89 |
ℹ   points.js            | 100.00 |   100.00 |  100.00 |
ℹ  micro                 |        |          |         |
ℹ   detail.js            |  90.43 |    82.76 |   50.00 | 32-34 40 73-75 91-92
ℹ  orders                |        |          |         |
ℹ   detail.js            |  90.73 |    84.49 |   73.68 | 24-25 41-45 53-54 93-97 116-117 142-144 151-152 175-176 193-194 214-215 308-309
ℹ   list.js              | 100.00 |    90.63 |   58.33 |
ℹ  product               |        |          |         |
ℹ   detail.js            | 100.00 |    97.56 |   94.87 |
ℹ ---------------------------------------------------------------------------------------------------------------------------------------
ℹ all files              |  95.90 |    87.47 |   87.87 |
ℹ ---------------------------------------------------------------------------------------------------------------------------------------
ℹ end of coverage report
