
> product-mall-admin@0.1.0 test:integration
> python3 scripts/run-browser-integration.py

Isolated Django/PostgreSQL and Vue ready; external platform credentials absent.

Running 10 tests using 1 worker

(node:18165) Warning: The 'NO_COLOR' env is ignored due to the 'FORCE_COLOR' env being set.
(Use `node --trace-warnings ...` to show where the warning was created)
  ✓   1 [desktop] › tests/browser/integration.spec.ts:6:1 › real isolated database: phase2 templates, sharing cover and fixed mosaic (3.1s)
  ✓   2 [desktop] › tests/browser/integration.spec.ts:77:1 › real isolated database: schema2 micro-page publish, legacy fence and independent copy (3.0s)
  ✓   3 [desktop] › tests/browser/integration.spec.ts:121:1 › real isolated database: login and create a persisted coupon draft (888ms)
  ✓   4 [desktop] › tests/browser/integration.spec.ts:157:1 › real isolated database: securely replace and retain mini-program credentials (1.2s)
  ✓   5 [desktop] › tests/browser/integration.spec.ts:211:1 › real isolated database: bulk upload images and persist a referenced product description (3.4s)
(node:18181) Warning: The 'NO_COLOR' env is ignored due to the 'FORCE_COLOR' env being set.
(Use `node --trace-warnings ...` to show where the warning was created)
  ✓   6 [mobile] › tests/browser/integration.spec.ts:6:1 › real isolated database: phase2 templates, sharing cover and fixed mosaic (2.7s)
  ✓   7 [mobile] › tests/browser/integration.spec.ts:77:1 › real isolated database: schema2 micro-page publish, legacy fence and independent copy (3.1s)
  ✓   8 [mobile] › tests/browser/integration.spec.ts:121:1 › real isolated database: login and create a persisted coupon draft (2.1s)
  ✓   9 [mobile] › tests/browser/integration.spec.ts:157:1 › real isolated database: securely replace and retain mini-program credentials (2.3s)
  ✓  10 [mobile] › tests/browser/integration.spec.ts:211:1 › real isolated database: bulk upload images and persist a referenced product description (3.7s)

  10 passed (26.6s)
Verified persisted drafts, encrypted synthetic credentials, zero orders and zero WeChat identities.
Removed only this run’s isolated database and stopped owned servers.
